
> indianyouthconference@1.0.0 dev:server
> node --env-file=.env --watch server/index.js

MongoDB connected
Server running on http://localhost:3001
Admin login enabled (user: clientadmin)
Restarting 'server/index.js'
MongoDB connected
Server running on http://localhost:3001
Admin login enabled (user: clientadmin)
Admin notification email failed (registration saved): Invalid login: 535-5.7.8 Username and Password not accepted. For more information, go to
535 5.7.8  https://support.google.com/mail/?p=BadCredentials 5a478bee46e88-3158678ec37sm3296850eec.23 - gsmtp
SyntaxError: Expected property name or '}' in JSON at position 1 (line 1 column 2)
    at JSON.parse (<anonymous>)
    at parse (E:\IndianYouthConference\node_modules\body-parser\lib\types\json.js:92:19)
    at E:\IndianYouthConference\node_modules\body-parser\lib\read.js:128:18
    at AsyncResource.runInAsyncScope (node:async_hooks:214:14)
    at invokeCallback (E:\IndianYouthConference\node_modules\raw-body\index.js:238:16)
    at done (E:\IndianYouthConference\node_modules\raw-body\index.js:227:7)
    at IncomingMessage.onEnd (E:\IndianYouthConference\node_modules\raw-body\index.js:287:7)
    at IncomingMessage.emit (node:events:508:28)
    at endReadableNT (node:internal/streams/readable:1701:12)
    at process.processTicksAndRejections (node:internal/process/task_queues:89:21)
Restarting 'server/index.js'
MongoDB connected
Server running on http://localhost:3001
Admin login enabled (user: clientadmin)
SyntaxError: Expected property name or '}' in JSON at position 1 (line 1 column 2)
    at JSON.parse (<anonymous>)
    at parse (E:\IndianYouthConference\node_modules\body-parser\lib\types\json.js:92:19)
    at E:\IndianYouthConference\node_modules\body-parser\lib\read.js:128:18
    at AsyncResource.runInAsyncScope (node:async_hooks:214:14)
    at invokeCallback (E:\IndianYouthConference\node_modules\raw-body\index.js:238:16)
    at done (E:\IndianYouthConference\node_modules\raw-body\index.js:227:7)
    at IncomingMessage.onEnd (E:\IndianYouthConference\node_modules\raw-body\index.js:287:7)
    at IncomingMessage.emit (node:events:508:28)
    at endReadableNT (node:internal/streams/readable:1701:12)
    at process.processTicksAndRejections (node:internal/process/task_queues:89:21)
SyntaxError: Expected property name or '}' in JSON at position 7 (line 2 column 5)
    at JSON.parse (<anonymous>)
    at parse (E:\IndianYouthConference\node_modules\body-parser\lib\types\json.js:92:19)
    at E:\IndianYouthConference\node_modules\body-parser\lib\read.js:128:18
    at AsyncResource.runInAsyncScope (node:async_hooks:214:14)
    at invokeCallback (E:\IndianYouthConference\node_modules\raw-body\index.js:238:16)
    at done (E:\IndianYouthConference\node_modules\raw-body\index.js:227:7)
    at IncomingMessage.onEnd (E:\IndianYouthConference\node_modules\raw-body\index.js:287:7)
    at IncomingMessage.emit (node:events:508:28)
    at endReadableNT (node:internal/streams/readable:1701:12)
    at process.processTicksAndRejections (node:internal/process/task_queues:89:21)
SyntaxError: Expected property name or '}' in JSON at position 1 (line 1 column 2)
    at JSON.parse (<anonymous>)
    at parse (E:\IndianYouthConference\node_modules\body-parser\lib\types\json.js:92:19)
    at E:\IndianYouthConference\node_modules\body-parser\lib\read.js:128:18
    at AsyncResource.runInAsyncScope (node:async_hooks:214:14)
    at invokeCallback (E:\IndianYouthConference\node_modules\raw-body\index.js:238:16)
    at done (E:\IndianYouthConference\node_modules\raw-body\index.js:227:7)
    at IncomingMessage.onEnd (E:\IndianYouthConference\node_modules\raw-body\index.js:287:7)
    at IncomingMessage.emit (node:events:508:28)
    at endReadableNT (node:internal/streams/readable:1701:12)
    at process.processTicksAndRejections (node:internal/process/task_queues:89:21)
SyntaxError: Expected property name or '}' in JSON at position 7 (line 2 column 5)
    at JSON.parse (<anonymous>)
    at parse (E:\IndianYouthConference\node_modules\body-parser\lib\types\json.js:92:19)
    at E:\IndianYouthConference\node_modules\body-parser\lib\read.js:128:18
    at AsyncResource.runInAsyncScope (node:async_hooks:214:14)
    at invokeCallback (E:\IndianYouthConference\node_modules\raw-body\index.js:238:16)
    at done (E:\IndianYouthConference\node_modules\raw-body\index.js:227:7)
    at IncomingMessage.onEnd (E:\IndianYouthConference\node_modules\raw-body\index.js:287:7)
    at IncomingMessage.emit (node:events:508:28)
    at endReadableNT (node:internal/streams/readable:1701:12)
    at process.processTicksAndRejections (node:internal/process/task_queues:89:21)
